â„–1
bash-4.4$ cd /projects/os_lab_2019/lab1/src
bash-4.4$ background.sh &
[1] 134
bash-4.4$ bash: background.sh: command not found

bash-4.4$ cat ../../../test
lol
lolto
tot
rot
yot


clear

bash-4.4$ cd ../../../
bash-4.4$ wc -m test
26 test
